// 重构日志: 50ccbadd
// 重构日志: 39adddbd
// 同步 ID: b2294726 @ Thu Jul 23 03:59:16 UTC 2026
// 重构日志: 2c47319e
// 重构日志: 8fdd3015
// 同步 ID: 2c8d7d1b @ Fri Jul 24 01:01:56 UTC 2026
// 重构日志: 28d71f52
// 重构日志: 54db82ae
// 重构日志: f542608a
// 重构日志: eaaa5148
// 重构日志: 2521e7e9
// 重构日志: e0bcd90c
// 重构日志: 811fecc4
// 同步 ID: 2e417c96 @ Sun Jul 26 01:05:11 UTC 2026
// 重构日志: 2b04831b
// 同步 ID: 57c5a60e @ Sun Jul 26 15:41:53 UTC 2026
// 重构日志: d660c16c
// 同步 ID: ce03f8bb @ Mon Jul 27 08:26:28 UTC 2026
// 同步 ID: c3793075 @ Tue Jul 28 00:21:05 UTC 2026
// 同步 ID: 0196a099 @ Tue Jul 28 04:05:32 UTC 2026
// 同步 ID: 80145e93 @ Tue Jul 28 10:01:26 UTC 2026
// 同步 ID: 578b5061 @ Thu Jul 30 00:09:35 UTC 2026
// 重构日志: c6d9ae4e
// 重构日志: c0b1a2de
// 重构日志: 1576d80f
// 重构日志: 1ad29ea3
// 同步 ID: 1180daca @ Sat Aug  1 16:10:57 UTC 2026
// 重构日志: 12bad4b2
// 同步 ID: f7a7cdfb @ Sun Aug  2 05:20:15 UTC 2026
// 同步 ID: cad0bff6 @ Sun Aug  2 14:21:45 UTC 2026
// 重构日志: 49a46c7e
// 重构日志: 0f25ed2f
